[2026-05-13 17:53:18] 🔗 Подключение к RPC: https://rpc.testnet.arc.network
[2026-05-13 17:53:18] 🚀 Бот запущен (ребаланс, сэндвич, симуляция, бридж)
[2026-05-13 17:53:18] [EURC/USDC 0.3%] 📥 Сигнал покупки по 0.820441
[2026-05-13 17:53:19] [EURC/USDC 0.3%] ⏳ Ожидание подтверждения покупки: 0x9e1e1b0e02d23c9d469eda6e599ac616272ff283ebc9455c2c2a2c053f8daf96
[2026-05-13 17:53:20] [EURC/USDC 0.3%] ✅ TX подтверждена: 0x9e1e1b0e02d23c9d469eda6e599ac616272ff283ebc9455c2c2a2c053f8daf96
[2026-05-13 17:53:20] [EURC/USDC 0.3%] Баланс EURC: 1141.056634
[2026-05-13 17:53:48] 🎲 Микро-свап USDC->EURC на 77470
[2026-05-13 17:54:20] 📤 Микро-перевод USDC на 36068
[2026-05-13 17:54:51] 🔄 Обратный микро-свап EURC->USDC на 182997
[2026-05-13 17:55:13] [EURC/USDC 0.3%] 🚀 Трейлинг активирован! Пик: 0.820833
[2026-05-13 17:55:23] 🎲 Микро-свап USDC->EURC на 95943
[2026-05-13 17:55:48] [EURC/USDC 0.3%] 🔥 Новый пик: 0.820840 (+0.000007)
[2026-05-13 17:55:54] 📤 Микро-перевод USDC на 39958
[2026-05-13 17:56:28] ✅ Уникальное действие выполнено
[2026-05-13 17:56:29] 🎲 Микро-свап USDC->EURC на 53139
[2026-05-13 17:57:01] 🔄 Обратный микро-свап EURC->USDC на 193662
[2026-05-13 17:57:32] 🎲 Микро-свап USDC->EURC на 53055
[2026-05-13 17:58:03] 🎲 Микро-свап USDC->EURC на 105322
[2026-05-13 17:59:05] 🔄 Обратный микро-свап EURC->USDC на 97297
[2026-05-13 17:59:30] ✅ Уникальное действие выполнено
[2026-05-13 17:59:37] 📤 Микро-перевод USDC на 54351
[2026-05-13 18:00:08] 🎲 Микро-свап USDC->EURC на 65849
[2026-05-13 18:00:39] 📤 Микро-перевод USDC на 75221
[2026-05-13 18:01:11] 🎲 Микро-свап USDC->EURC на 158782
[2026-05-13 18:01:42] 📤 Микро-перевод USDC на 67534
[2026-05-13 18:02:13] 📤 Микро-перевод USDC на 98290
[2026-05-13 18:02:33] ✅ Уникальное действие выполнено
[2026-05-13 18:02:45] 🎲 Микро-свап USDC->EURC на 130217
[2026-05-13 18:03:17] 🎲 Микро-свап USDC->EURC на 154467
[2026-05-13 18:03:48] 🔄 Обратный микро-свап EURC->USDC на 104266
[2026-05-13 18:04:19] 📤 Микро-перевод USDC на 72286
[2026-05-13 18:04:51] 📤 Микро-перевод USDC на 90040
[2026-05-13 18:05:23] 🔄 Обратный микро-свап EURC->USDC на 145553
[2026-05-13 18:05:29] [EURC/USDC 0.3%] 📤 Сигнал продажи! Цена: 0.819719, Пик: 0.820840
[2026-05-13 18:05:30] [EURC/USDC 0.3%] 💰 Прибыль: -0.0009 USDC, Всего: -0.0009
[2026-05-13 18:05:31] [EURC/USDC 0.3%] ✅ TX подтверждена: 0x20372093d7cdcd2ca5a259bc571bf2dd6719d22e31a3f6f7810ed42bf37efcdf
[2026-05-13 18:05:32] [EURC/USDC 0.3%] 📥 Сигнал покупки по 0.819719
[2026-05-13 18:05:33] [EURC/USDC 0.3%] ⏳ Ожидание подтверждения покупки: 0x85e721c850f82198b22aabd6fe5379ea7e7ce3e3546540b6d784f30abd6fb502
[2026-05-13 18:05:35] [EURC/USDC 0.3%] ✅ TX подтверждена: 0x85e721c850f82198b22aabd6fe5379ea7e7ce3e3546540b6d784f30abd6fb502
[2026-05-13 18:05:35] [EURC/USDC 0.3%] Баланс EURC: 1141.056634
[2026-05-13 18:05:38] ✅ Уникальное действие выполнено
[2026-05-13 18:05:54] 🎲 Микро-свап USDC->EURC на 152616
[2026-05-13 18:05:57] [EURC/USDC 0.3%] 🚀 Трейлинг активирован! Пик: 0.821955
[2026-05-13 18:06:26] 🎲 Микро-свап USDC->EURC на 177388
[2026-05-13 18:06:57] 📤 Микро-перевод USDC на 58199
[2026-05-13 18:07:59] 🎲 Микро-свап USDC->EURC на 71824
[2026-05-13 18:08:31] 🎲 Микро-свап USDC->EURC на 138161
[2026-05-13 18:08:41] ✅ Уникальное действие выполнено
[2026-05-13 18:09:02] 🎲 Микро-свап USDC->EURC на 198038
[2026-05-13 18:09:35] 🎲 Микро-свап USDC->EURC на 168850
[2026-05-13 18:09:38] [EURC/USDC 0.3%] 🔥 Новый пик: 0.822037 (+0.000082)
[2026-05-13 18:10:06] 🎲 Микро-свап USDC->EURC на 99576
[2026-05-13 18:10:38] 📤 Микро-перевод USDC на 68714
[2026-05-13 18:11:10] 📤 Микро-перевод USDC на 69124
[2026-05-13 18:11:42] 🎲 Микро-свап USDC->EURC на 122885
[2026-05-13 18:11:47] ✅ Уникальное действие выполнено
[2026-05-13 18:12:13] 🔄 Обратный микро-свап EURC->USDC на 154477
[2026-05-13 18:12:44] 📤 Микро-перевод USDC на 88876
[2026-05-13 18:13:15] 🔄 Обратный микро-свап EURC->USDC на 117652
[2026-05-13 18:13:47] 🎲 Микро-свап USDC->EURC на 85861
[2026-05-13 18:14:50] ✅ Уникальное действие выполнено
[2026-05-13 18:15:21] 📤 Микро-перевод USDC на 45063
[2026-05-13 18:15:53] 📤 Микро-перевод USDC на 49807
[2026-05-13 18:16:25] 🎲 Микро-свап USDC->EURC на 106434
[2026-05-13 18:16:56] 🎲 Микро-свап USDC->EURC на 53750
[2026-05-13 18:17:28] 📤 Микро-перевод USDC на 86826
[2026-05-13 18:17:53] ✅ Уникальное действие выполнено
[2026-05-13 18:17:59] 🎲 Микро-свап USDC->EURC на 199217
[2026-05-13 18:18:31] 🔄 Обратный микро-свап EURC->USDC на 91649
[2026-05-13 18:19:02] 📤 Микро-перевод USDC на 90970
[2026-05-13 18:19:33] 📤 Микро-перевод USDC на 67795
[2026-05-13 18:20:05] 📤 Микро-перевод USDC на 37247
[2026-05-13 18:20:36] 📤 Микро-перевод USDC на 83371
[2026-05-13 18:20:55] ✅ Уникальное действие выполнено
[2026-05-13 18:21:08] 🎲 Микро-свап USDC->EURC на 96935
[2026-05-13 18:21:39] 📤 Микро-перевод USDC на 42511
[2026-05-13 18:22:10] 🎲 Микро-свап USDC->EURC на 119981
[2026-05-13 18:22:41] 🔄 Обратный микро-свап EURC->USDC на 133317
[2026-05-13 18:23:13] 📤 Микро-перевод USDC на 96790
[2026-05-13 18:23:44] 🎲 Микро-свап USDC->EURC на 150314
[2026-05-13 18:23:58] ✅ Уникальное действие выполнено
[2026-05-13 18:24:16] 🎲 Микро-свап USDC->EURC на 103252
[2026-05-13 18:24:47] 🎲 Микро-свап USDC->EURC на 175883
[2026-05-13 18:26:20] 🎲 Микро-свап USDC->EURC на 166559
[2026-05-13 18:26:51] 🔄 Обратный микро-свап EURC->USDC на 102032
[2026-05-13 18:27:03] ✅ Уникальное действие выполнено
[2026-05-13 18:27:23] 🔄 Обратный микро-свап EURC->USDC на 74468
[2026-05-13 18:27:54] 🎲 Микро-свап USDC->EURC на 119867
[2026-05-13 18:28:25] 🔄 Обратный микро-свап EURC->USDC на 141583
[2026-05-13 18:28:57] 🔄 Обратный микро-свап EURC->USDC на 71644
[2026-05-13 18:29:59] 🎲 Микро-свап USDC->EURC на 108646
[2026-05-13 18:30:05] ✅ Уникальное действие выполнено
[2026-05-13 18:30:31] 🔄 Обратный микро-свап EURC->USDC на 180256
[2026-05-13 18:31:02] 🎲 Микро-свап USDC->EURC на 156969
[2026-05-13 18:31:34] 🎲 Микро-свап USDC->EURC на 68469
[2026-05-13 18:32:06] 🎲 Микро-свап USDC->EURC на 163435
[2026-05-13 18:32:37] 🎲 Микро-свап USDC->EURC на 121245
[2026-05-13 18:33:08] ✅ Уникальное действие выполнено
[2026-05-13 18:33:09] 📤 Микро-перевод USDC на 67561
[2026-05-13 18:33:40] 🔄 Обратный микро-свап EURC->USDC на 152097
[2026-05-13 18:45:42] 🔗 Подключение к RPC: https://rpc.testnet.arc.network
[2026-05-13 18:45:43] 🚀 Бот запущен (Backrunning, сэндвич, ликвидность, бридж)
[2026-05-13 18:45:43] [EURC/USDC 0.3%] 📥 Сигнал покупки по 0.821869
[2026-05-13 18:45:44] [EURC/USDC 0.3%] ⏳ Ожидание подтверждения покупки: 0x91596b459870dc80de200f08e78ae4d53de9a80fc818986da2411805b2fb83b5
[2026-05-13 18:45:45] [EURC/USDC 0.3%] ✅ TX подтверждена: 0x91596b459870dc80de200f08e78ae4d53de9a80fc818986da2411805b2fb83b5
[2026-05-13 18:45:45] [EURC/USDC 0.3%] Баланс EURC: 1141.056634
[2026-05-13 18:46:13] 📤 Микро-перевод USDC на 53566
[2026-05-13 18:46:44] 📤 Микро-перевод USDC на 60329
[2026-05-13 18:47:16] 📤 Микро-перевод USDC на 83857
[2026-05-13 18:47:46] 🎲 Микро-свап USDC->EURC на 140472
[2026-05-13 18:48:18] 🎲 Микро-свап USDC->EURC на 53140
[2026-05-13 18:48:52] ✅ Уникальное действие выполнено
[2026-05-13 18:48:53] 📤 Микро-перевод USDC на 62548
[2026-05-13 18:49:24] 🎲 Микро-свап USDC->EURC на 91415
[2026-05-13 18:49:56] 🎲 Микро-свап USDC->EURC на 66701
[2026-05-13 18:50:27] 🎲 Микро-свап USDC->EURC на 132496
[2026-05-13 18:50:59] 🎲 Микро-свап USDC->EURC на 96905
[2026-05-13 18:51:30] 🎲 Микро-свап USDC->EURC на 97980
[2026-05-13 18:51:54] ✅ Уникальное действие выполнено
[2026-05-13 18:52:32] 🎲 Микро-свап USDC->EURC на 174014
[2026-05-13 18:53:03] 🔄 Обратный микро-свап EURC->USDC на 197034
[2026-05-13 18:53:35] 🎲 Микро-свап USDC->EURC на 110937
[2026-05-13 18:54:27] [EURC/USDC 0.3%] 🚀 Трейлинг активирован! Пик: 0.824122
[2026-05-13 18:54:36] 🔄 Обратный микро-свап EURC->USDC на 119749
[2026-05-13 18:54:58] ✅ Уникальное действие выполнено
[2026-05-13 18:55:38] 🎲 Микро-свап USDC->EURC на 151962
[2026-05-13 18:56:09] 🎲 Микро-свап USDC->EURC на 59543
[2026-05-13 18:56:40] 🔄 Обратный микро-свап EURC->USDC на 65926
[2026-05-13 18:57:12] 🎲 Микро-свап USDC->EURC на 167188
[2026-05-13 18:57:43] 🔄 Обратный микро-свап EURC->USDC на 107446
[2026-05-13 18:58:00] ✅ Уникальное действие выполнено
[2026-05-13 18:58:15] 📤 Микро-перевод USDC на 63827
[2026-05-13 18:58:47] 🔄 Обратный микро-свап EURC->USDC на 173124
[2026-05-13 18:59:18] 🎲 Микро-свап USDC->EURC на 95204
[2026-05-13 18:59:49] 🔄 Обратный микро-свап EURC->USDC на 142295
[2026-05-13 19:00:20] 🔄 Обратный микро-свап EURC->USDC на 199963
[2026-05-13 19:01:04] ✅ Уникальное действие выполнено
[2026-05-13 19:01:23] 📤 Микро-перевод USDC на 38224
[2026-05-13 19:01:54] 📤 Микро-перевод USDC на 41110
[2026-05-13 19:02:25] 🔄 Обратный микро-свап EURC->USDC на 72032
[2026-05-13 19:02:56] 📤 Микро-перевод USDC на 80816
[2026-05-13 19:04:09] ✅ Уникальное действие выполнено
[2026-05-13 19:04:28] 🎲 Микро-свап USDC->EURC на 161450
[2026-05-13 19:04:59] 📤 Микро-перевод USDC на 34096
[2026-05-13 19:05:31] 📤 Микро-перевод USDC на 88069
[2026-05-13 19:40:21] 🔗 Подключение к RPC: https://rpc.testnet.arc.network
[2026-05-13 19:40:21] 🚀 Бот запущен (стабильная версия с ребалансировкой-заглушкой)
[2026-05-13 19:40:22] [EURC/USDC 0.3%] 📥 Сигнал покупки по 0.821404
[2026-05-13 19:40:22] [EURC/USDC 0.3%] ⏳ Ожидание подтверждения покупки: 0x958920f2c4e1c4e0c27dee431e23268788e264f84d22d143515e264f75bb3dc1
[2026-05-13 19:40:23] [EURC/USDC 0.3%] ✅ TX подтверждена: 0x958920f2c4e1c4e0c27dee431e23268788e264f84d22d143515e264f75bb3dc1
[2026-05-13 19:40:23] [EURC/USDC 0.3%] Баланс EURC: 1141.056634
[2026-05-13 19:40:52] 🎲 Микро-свап USDC->EURC на 160372
[2026-05-13 19:41:24] 📤 Микро-перевод USDC на 68731
[2026-05-13 19:41:55] 🎲 Микро-свап USDC->EURC на 105404
[2026-05-13 19:42:27] 🎲 Микро-свап USDC->EURC на 139547
[2026-05-13 19:42:58] 🔄 Обратный микро-свап EURC->USDC на 183248
[2026-05-13 19:43:32] ✅ Уникальное действие выполнено
[2026-05-13 19:43:33] 📤 Микро-перевод USDC на 90687
[2026-05-13 19:44:05] 📤 Микро-перевод USDC на 92735
[2026-05-13 19:44:36] 🎲 Микро-свап USDC->EURC на 62703
[2026-05-13 19:45:39] 🎲 Микро-свап USDC->EURC на 134079
[2026-05-13 19:46:37] ✅ Уникальное действие выполнено
[2026-05-13 19:47:12] 📤 Микро-перевод USDC на 83615
[2026-05-13 19:47:44] 🎲 Микро-свап USDC->EURC на 134028
[2026-05-13 19:48:15] 🎲 Микро-свап USDC->EURC на 129304
[2026-05-13 19:48:47] 🎲 Микро-свап USDC->EURC на 128219
[2026-05-13 19:49:18] 🎲 Микро-свап USDC->EURC на 161993
[2026-05-13 19:49:43] ✅ Уникальное действие выполнено
[2026-05-13 19:49:50] 🔄 Обратный микро-свап EURC->USDC на 157319
[2026-05-13 19:50:22] 🎲 Микро-свап USDC->EURC на 93803
[2026-05-13 19:50:54] 🎲 Микро-свап USDC->EURC на 198876
[2026-05-13 19:51:25] 🎲 Микро-свап USDC->EURC на 76283
[2026-05-13 19:51:57] 🎲 Микро-свап USDC->EURC на 68895
[2026-05-13 19:52:28] 📤 Микро-перевод USDC на 79848
[2026-05-13 19:52:48] ✅ Уникальное действие выполнено
[2026-05-13 19:59:44] 🔗 Подключение к RPC: https://rpc.testnet.arc.network
[2026-05-13 19:59:44] 🚀 Бот запущен (ликвидность исправлена)
[2026-05-13 19:59:45] [EURC/USDC 0.3%] 📥 Сигнал покупки по 0.820428
[2026-05-13 19:59:46] [EURC/USDC 0.3%] ⏳ Ожидание подтверждения покупки: 0x9f07502a7bf28f78db32d55614988ee7dd5c3d590ea64ebfc8bd48e7d7e70ff1
[2026-05-13 19:59:47] [EURC/USDC 0.3%] ✅ TX подтверждена: 0x9f07502a7bf28f78db32d55614988ee7dd5c3d590ea64ebfc8bd48e7d7e70ff1
[2026-05-13 19:59:47] [EURC/USDC 0.3%] Баланс EURC: 1141.056634
[2026-05-13 20:00:15] 🎲 Микро-свап USDC->EURC на 55790
[2026-05-13 20:00:46] 📤 Микро-перевод USDC на 40531
[2026-05-13 20:01:17] 🎲 Микро-свап USDC->EURC на 141430
[2026-05-13 20:01:48] 🎲 Микро-свап USDC->EURC на 54868
[2026-05-13 20:02:55] ✅ Уникальное действие выполнено
[2026-05-13 20:02:56] 📤 Микро-перевод USDC на 76852
[2026-05-13 20:03:27] 🔄 Обратный микро-свап EURC->USDC на 54214
[2026-05-13 20:03:58] 🔄 Обратный микро-свап EURC->USDC на 104966
[2026-05-13 20:05:30] 🎲 Микро-свап USDC->EURC на 126718
[2026-05-13 20:05:57] ✅ Уникальное действие выполнено
[2026-05-13 20:06:01] 📤 Микро-перевод USDC на 65231
[2026-05-13 20:06:33] 📤 Микро-перевод USDC на 85433
[2026-05-13 20:07:04] 🎲 Микро-свап USDC->EURC на 64648
[2026-05-13 20:07:35] 🔄 Обратный микро-свап EURC->USDC на 190860
[2026-05-13 20:08:06] 🎲 Микро-свап USDC->EURC на 106525
[2026-05-13 20:08:37] 🎲 Микро-свап USDC->EURC на 172651
[2026-05-13 20:08:59] ✅ Уникальное действие выполнено
[2026-05-13 20:09:08] 🎲 Микро-свап USDC->EURC на 156250
[2026-05-13 20:09:39] 🎲 Микро-свап USDC->EURC на 177144
[2026-05-13 20:10:11] 🎲 Микро-свап USDC->EURC на 128644
[2026-05-13 20:10:42] 🔄 Обратный микро-свап EURC->USDC на 119509
[2026-05-13 20:11:15] 📤 Микро-перевод USDC на 53666
[2026-05-13 20:11:46] 🎲 Микро-свап USDC->EURC на 141619
[2026-05-13 20:12:02] ✅ Уникальное действие выполнено
[2026-05-13 20:12:18] 🎲 Микро-свап USDC->EURC на 67415
[2026-05-13 20:12:49] 🔄 Обратный микро-свап EURC->USDC на 50546
[2026-05-13 20:13:20] 📤 Микро-перевод USDC на 84479
[2026-05-13 20:13:52] 📤 Микро-перевод USDC на 40147
[2026-05-13 20:14:24] 🎲 Микро-свап USDC->EURC на 109883
[2026-05-13 20:14:55] 📤 Микро-перевод USDC на 89707
[2026-05-13 20:15:05] ✅ Уникальное действие выполнено
[2026-05-13 20:15:28] 🎲 Микро-свап USDC->EURC на 159651
[2026-05-13 20:15:59] 🎲 Микро-свап USDC->EURC на 75039
[2026-05-13 20:16:30] 🎲 Микро-свап USDC->EURC на 92630
[2026-05-13 20:17:01] 📤 Микро-перевод USDC на 52608
[2026-05-13 20:18:10] ✅ Уникальное действие выполнено
[2026-05-13 20:18:33] 🔄 Обратный микро-свап EURC->USDC на 66609
[2026-05-13 20:19:04] 🎲 Микро-свап USDC->EURC на 120633
[2026-05-13 20:19:35] 🎲 Микро-свап USDC->EURC на 139490
[2026-05-13 20:20:06] 📤 Микро-перевод USDC на 75787
[2026-05-13 20:20:37] 🎲 Микро-свап USDC->EURC на 124626
[2026-05-13 20:21:09] 🎲 Микро-свап USDC->EURC на 84092
[2026-05-13 20:21:14] ✅ Уникальное действие выполнено
[2026-05-13 20:21:41] 📤 Микро-перевод USDC на 94971
[2026-05-13 20:22:13] 📤 Микро-перевод USDC на 46817
[2026-05-13 20:22:44] 🎲 Микро-свап USDC->EURC на 94127
[2026-05-13 20:23:16] 🎲 Микро-свап USDC->EURC на 88102
[2026-05-13 20:24:17] ✅ Уникальное действие выполнено
[2026-05-13 20:25:18] 🎲 Микро-свап USDC->EURC на 107965
[2026-05-13 20:25:50] 📤 Микро-перевод USDC на 70810
[2026-05-13 20:26:21] 🎲 Микро-свап USDC->EURC на 111649
[2026-05-13 20:26:52] 📤 Микро-перевод USDC на 47597
[2026-05-13 20:27:20] ✅ Уникальное действие выполнено
[2026-05-13 20:27:23] 🎲 Микро-свап USDC->EURC на 140838
[2026-05-13 20:27:45] [EURC/USDC 0.3%] 🚀 Трейлинг активирован! Пик: 0.820857
[2026-05-13 20:27:55] 🎲 Микро-свап USDC->EURC на 57797
[2026-05-13 20:28:26] 🎲 Микро-свап USDC->EURC на 197432
[2026-05-13 20:28:57] 🎲 Микро-свап USDC->EURC на 163827
[2026-05-13 20:29:28] 🎲 Микро-свап USDC->EURC на 97530
[2026-05-13 20:29:59] 🎲 Микро-свап USDC->EURC на 154166
[2026-05-13 20:30:22] ✅ Уникальное действие выполнено
[2026-05-13 20:30:31] 🎲 Микро-свап USDC->EURC на 199894
[2026-05-13 20:31:32] 📤 Микро-перевод USDC на 37057
[2026-05-13 20:32:33] 🎲 Микро-свап USDC->EURC на 79608
[2026-05-13 20:33:04] 📤 Микро-перевод USDC на 46457
[2026-05-13 20:33:26] ✅ Уникальное действие выполнено
[2026-05-13 20:33:35] 🎲 Микро-свап USDC->EURC на 123575
[2026-05-13 20:34:07] 🎲 Микро-свап USDC->EURC на 79217
[2026-05-13 20:34:38] 🎲 Микро-свап USDC->EURC на 199260
[2026-05-13 20:35:09] 🔄 Обратный микро-свап EURC->USDC на 50108
[2026-05-13 20:35:40] 📤 Микро-перевод USDC на 39736
[2026-05-13 20:36:11] 🔄 Обратный микро-свап EURC->USDC на 95570
[2026-05-13 20:36:30] ✅ Уникальное действие выполнено
[2026-05-13 20:36:43] 📤 Микро-перевод USDC на 66575
[2026-05-13 20:37:14] 🎲 Микро-свап USDC->EURC на 62022
[2026-05-13 20:37:45] 🎲 Микро-свап USDC->EURC на 169158
[2026-05-13 20:38:16] 🎲 Микро-свап USDC->EURC на 53661
[2026-05-13 20:38:48] 🔄 Обратный микро-свап EURC->USDC на 64210
[2026-05-13 20:39:19] 🔄 Обратный микро-свап EURC->USDC на 139997
[2026-05-13 20:39:33] ✅ Уникальное действие выполнено
[2026-05-13 20:39:50] 🎲 Микро-свап USDC->EURC на 186479
[2026-05-13 20:40:21] 🎲 Микро-свап USDC->EURC на 120772
[2026-05-13 20:40:52] 🔄 Обратный микро-свап EURC->USDC на 139092
[2026-05-13 20:41:23] 🎲 Микро-свап USDC->EURC на 153608
[2026-05-13 20:41:54] 📤 Микро-перевод USDC на 61840
[2026-05-13 20:42:26] 🎲 Микро-свап USDC->EURC на 103641
[2026-05-13 20:42:36] ✅ Уникальное действие выполнено
[2026-05-13 20:42:57] 🎲 Микро-свап USDC->EURC на 71916
[2026-05-13 20:43:28] 📤 Микро-перевод USDC на 85501
[2026-05-13 20:44:30] 🔄 Обратный микро-свап EURC->USDC на 75985
[2026-05-13 20:45:00] 📤 Микро-перевод USDC на 44839
[2026-05-13 20:45:39] ✅ Уникальное действие выполнено
[2026-05-13 20:46:01] 📤 Микро-перевод USDC на 51161
[2026-05-13 20:46:33] 📤 Микро-перевод USDC на 70573
[2026-05-13 20:47:04] 🎲 Микро-свап USDC->EURC на 61339
[2026-05-13 20:48:05] 🔄 Обратный микро-свап EURC->USDC на 105451
[2026-05-13 20:48:36] 🎲 Микро-свап USDC->EURC на 93620
[2026-05-13 20:48:43] ✅ Уникальное действие выполнено
[2026-05-13 20:49:09] 🎲 Микро-свап USDC->EURC на 157740
[2026-05-13 20:49:40] 🔄 Обратный микро-свап EURC->USDC на 194400
[2026-05-13 20:50:11] 🎲 Микро-свап USDC->EURC на 115769
[2026-05-13 20:50:42] 🔄 Обратный микро-свап EURC->USDC на 75788
[2026-05-13 20:51:14] 📤 Микро-перевод USDC на 83779
[2026-05-13 20:51:47] ✅ Уникальное действие выполнено
[2026-05-13 20:51:48] 📤 Микро-перевод USDC на 45013
[2026-05-13 20:52:19] 🎲 Микро-свап USDC->EURC на 70521
[2026-05-13 20:52:50] 📤 Микро-перевод USDC на 50117
[2026-05-13 20:53:51] 🎲 Микро-свап USDC->EURC на 178359
[2026-05-13 20:54:22] 📤 Микро-перевод USDC на 81029
[2026-05-13 20:54:49] ✅ Уникальное действие выполнено
[2026-05-13 20:55:24] 🎲 Микро-свап USDC->EURC на 65693
[2026-05-13 20:55:55] 🔄 Обратный микро-свап EURC->USDC на 178815
[2026-05-13 20:56:27] 🎲 Микро-свап USDC->EURC на 173533
[2026-05-13 20:56:58] 🎲 Микро-свап USDC->EURC на 195349
[2026-05-13 20:57:29] 📤 Микро-перевод USDC на 35669
[2026-05-13 20:57:51] ✅ Уникальное действие выполнено
[2026-05-13 20:58:01] 🎲 Микро-свап USDC->EURC на 179639
[2026-05-13 20:58:32] 🎲 Микро-свап USDC->EURC на 141448
[2026-05-13 20:59:04] 📤 Микро-перевод USDC на 38633
[2026-05-13 20:59:35] 🎲 Микро-свап USDC->EURC на 92096
[2026-05-13 21:00:55] ✅ Уникальное действие выполнено
[2026-05-13 21:01:07] 🎲 Микро-свап USDC->EURC на 68310
[2026-05-13 21:02:08] 📤 Микро-перевод USDC на 56821
[2026-05-13 21:02:40] 🎲 Микро-свап USDC->EURC на 93631
[2026-05-13 21:03:41] 🎲 Микро-свап USDC->EURC на 61977
[2026-05-13 21:04:00] ✅ Уникальное действие выполнено
[2026-05-13 21:04:12] 🔄 Обратный микро-свап EURC->USDC на 171716
[2026-05-13 21:04:43] 🔄 Обратный микро-свап EURC->USDC на 130356
[2026-05-13 21:05:15] 🎲 Микро-свап USDC->EURC на 138264
[2026-05-13 21:05:46] 🔄 Обратный микро-свап EURC->USDC на 108564
[2026-05-13 21:06:17] 📤 Микро-перевод USDC на 34070
[2026-05-13 21:06:48] 🎲 Микро-свап USDC->EURC на 113113
[2026-05-13 21:07:02] ✅ Уникальное действие выполнено
[2026-05-13 21:07:20] 📤 Микро-перевод USDC на 49679
[2026-05-13 21:08:21] 🔄 Обратный микро-свап EURC->USDC на 127730
[2026-05-13 21:09:52] 🎲 Микро-свап USDC->EURC на 74222
[2026-05-13 21:10:04] ✅ Уникальное действие выполнено
[2026-05-13 21:10:24] 📤 Микро-перевод USDC на 77072
[2026-05-13 21:10:55] 📤 Микро-перевод USDC на 81421
[2026-05-13 21:11:26] 🎲 Микро-свап USDC->EURC на 173433
[2026-05-13 21:11:58] 📤 Микро-перевод USDC на 35912
[2026-05-13 21:12:29] 🎲 Микро-свап USDC->EURC на 140221
[2026-05-13 21:13:06] ✅ Уникальное действие выполнено
[2026-05-13 21:14:01] 📤 Микро-перевод USDC на 97725
[2026-05-13 21:14:31] 🔄 Обратный микро-свап EURC->USDC на 186274
[2026-05-13 21:15:03] 🎲 Микро-свап USDC->EURC на 133340
[2026-05-13 21:15:34] 🔄 Обратный микро-свап EURC->USDC на 71364
[2026-05-13 21:15:46] [EURC/USDC 0.3%] 🔥 Новый пик: 0.821047 (+0.000191)
[2026-05-13 21:16:05] 🎲 Микро-свап USDC->EURC на 134785
[2026-05-13 21:16:09] ✅ Уникальное действие выполнено
[2026-05-13 21:16:53] [EURC/USDC 0.3%] 🔥 Новый пик: 0.821247 (+0.000200)
[2026-05-13 21:17:07] 🎲 Микро-свап USDC->EURC на 98500
[2026-05-13 21:17:38] 🎲 Микро-свап USDC->EURC на 72215
[2026-05-13 21:18:09] 🎲 Микро-свап USDC->EURC на 121192
[2026-05-13 21:18:40] 🔄 Обратный микро-свап EURC->USDC на 57051
[2026-05-13 21:19:14] ✅ Уникальное действие выполнено
[2026-05-13 21:19:15] 🎲 Микро-свап USDC->EURC на 197742
[2026-05-13 21:20:16] 🎲 Микро-свап USDC->EURC на 125159
[2026-05-13 21:20:47] 🎲 Микро-свап USDC->EURC на 94109
[2026-05-13 21:21:18] 🔄 Обратный микро-свап EURC->USDC на 163147
[2026-05-13 21:21:49] 📤 Микро-перевод USDC на 97978
[2026-05-13 21:22:16] ✅ Уникальное действие выполнено
[2026-05-13 21:22:21] 📤 Микро-перевод USDC на 81136
[2026-05-13 21:22:52] 🎲 Микро-свап USDC->EURC на 98292
[2026-05-13 21:23:23] 📤 Микро-перевод USDC на 92485
[2026-05-13 21:23:54] 📤 Микро-перевод USDC на 54542
[2026-05-13 21:24:25] 📤 Микро-перевод USDC на 43114
[2026-05-13 21:24:56] 📤 Микро-перевод USDC на 89182
[2026-05-13 21:25:19] ✅ Уникальное действие выполнено
[2026-05-13 21:25:28] 📤 Микро-перевод USDC на 33100
[2026-05-13 21:26:29] 🎲 Микро-свап USDC->EURC на 194326
[2026-05-13 21:27:00] 🎲 Микро-свап USDC->EURC на 61967
[2026-05-13 21:28:23] ✅ Уникальное действие выполнено
[2026-05-13 21:28:32] 🔄 Обратный микро-свап EURC->USDC на 181969
[2026-05-13 21:29:02] 🔄 Обратный микро-свап EURC->USDC на 145780
[2026-05-13 21:29:23] [EURC/USDC 0.3%] 🔥 Новый пик: 0.821247 (+0.000000)
[2026-05-13 21:29:34] 🔄 Обратный микро-свап EURC->USDC на 178138
[2026-05-13 21:30:05] 🎲 Микро-свап USDC->EURC на 120059
[2026-05-13 21:31:07] 🎲 Микро-свап USDC->EURC на 137011
[2026-05-13 21:31:26] ✅ Уникальное действие выполнено
[2026-05-13 21:31:38] 🎲 Микро-свап USDC->EURC на 93936
[2026-05-13 21:32:09] 📤 Микро-перевод USDC на 54887
[2026-05-13 21:32:41] 🔄 Обратный микро-свап EURC->USDC на 66723
[2026-05-13 21:33:42] 🎲 Микро-свап USDC->EURC на 158570
[2026-05-13 21:34:13] 🔄 Обратный микро-свап EURC->USDC на 143026
[2026-05-13 21:34:30] ✅ Уникальное действие выполнено
[2026-05-13 21:34:44] 🎲 Микро-свап USDC->EURC на 163142
[2026-05-13 21:35:16] 🎲 Микро-свап USDC->EURC на 114653
[2026-05-13 21:35:47] 🎲 Микро-свап USDC->EURC на 137398
[2026-05-13 21:36:18] 🎲 Микро-свап USDC->EURC на 95001
[2026-05-13 21:36:50] 🔄 Обратный микро-свап EURC->USDC на 102537
[2026-05-13 21:37:21] 📤 Микро-перевод USDC на 70481
[2026-05-13 21:37:32] ✅ Уникальное действие выполнено
[2026-05-13 21:38:23] 🔄 Обратный микро-свап EURC->USDC на 66687
[2026-05-13 21:38:54] 📤 Микро-перевод USDC на 40605
[2026-05-13 21:39:25] 🔄 Обратный микро-свап EURC->USDC на 154968
[2026-05-13 21:39:56] 🔄 Обратный микро-свап EURC->USDC на 143799
[2026-05-13 21:40:27] 🎲 Микро-свап USDC->EURC на 51883
[2026-05-13 21:40:36] ✅ Уникальное действие выполнено
[2026-05-13 21:40:58] 📤 Микро-перевод USDC на 69721
[2026-05-13 21:41:30] 🎲 Микро-свап USDC->EURC на 57028
[2026-05-13 21:42:01] 🎲 Микро-свап USDC->EURC на 78989
[2026-05-13 21:42:32] 📤 Микро-перевод USDC на 79736
[2026-05-13 21:43:03] 🎲 Микро-свап USDC->EURC на 120891
[2026-05-13 21:43:39] ✅ Уникальное действие выполнено
[2026-05-13 21:44:04] 🔄 Обратный микро-свап EURC->USDC на 182540
[2026-05-13 21:45:35] 🔄 Обратный микро-свап EURC->USDC на 140418
[2026-05-13 21:46:06] 🎲 Микро-свап USDC->EURC на 160997
[2026-05-13 21:46:37] 🔄 Обратный микро-свап EURC->USDC на 77000
[2026-05-13 21:46:42] ✅ Уникальное действие выполнено
[2026-05-13 21:47:09] 📤 Микро-перевод USDC на 95516
[2026-05-13 21:47:21] [EURC/USDC 0.3%] 🔥 Новый пик: 0.821248 (+0.000001)
[2026-05-13 21:47:40] 🎲 Микро-свап USDC->EURC на 84669
[2026-05-13 21:48:12] 📤 Микро-перевод USDC на 38734
[2026-05-13 21:48:44] 📤 Микро-перевод USDC на 83553
[2026-05-13 21:49:15] 🎲 Микро-свап USDC->EURC на 196692
[2026-05-13 21:49:47] ✅ Уникальное действие выполнено
[2026-05-13 21:49:49] 🎲 Микро-свап USDC->EURC на 107723
[2026-05-13 21:50:22] 🎲 Микро-свап USDC->EURC на 86660
[2026-05-13 21:50:53] 📤 Микро-перевод USDC на 57584
[2026-05-13 21:51:25] 🎲 Микро-свап USDC->EURC на 54042
[2026-05-13 21:51:56] 📤 Микро-перевод USDC на 62187
[2026-05-13 21:52:27] 📤 Микро-перевод USDC на 71314
[2026-05-13 21:52:51] ✅ Уникальное действие выполнено
[2026-05-13 21:52:59] 🎲 Микро-свап USDC->EURC на 163665
[2026-05-13 21:53:30] 🔄 Обратный микро-свап EURC->USDC на 108774
[2026-05-13 21:54:01] 🎲 Микро-свап USDC->EURC на 143584
[2026-05-13 21:54:33] 🎲 Микро-свап USDC->EURC на 187015
[2026-05-13 21:55:04] 🔄 Обратный микро-свап EURC->USDC на 149211
[2026-05-13 21:55:35] 🎲 Микро-свап USDC->EURC на 139441
[2026-05-13 21:55:54] ✅ Уникальное действие выполнено
[2026-05-13 21:56:07] 🎲 Микро-свап USDC->EURC на 116032
[2026-05-13 21:56:38] 🔄 Обратный микро-свап EURC->USDC на 158077
[2026-05-13 21:57:09] 🔄 Обратный микро-свап EURC->USDC на 62778
[2026-05-13 21:57:40] 🔄 Обратный микро-свап EURC->USDC на 153426
[2026-05-13 21:58:57] ✅ Уникальное действие выполнено
[2026-05-13 21:59:43] 🎲 Микро-свап USDC->EURC на 103479
[2026-05-13 22:00:14] 🎲 Микро-свап USDC->EURC на 156452
[2026-05-13 22:00:45] 🎲 Микро-свап USDC->EURC на 77674
[2026-05-13 22:01:17] 🎲 Микро-свап USDC->EURC на 179492
[2026-05-13 22:01:48] 📤 Микро-перевод USDC на 54683
[2026-05-13 22:01:59] ✅ Уникальное действие выполнено
[2026-05-13 22:02:20] 🔄 Обратный микро-свап EURC->USDC на 98891
[2026-05-13 22:02:52] 🎲 Микро-свап USDC->EURC на 54917
[2026-05-13 22:03:24] 🔄 Обратный микро-свап EURC->USDC на 84558
[2026-05-13 22:03:55] 🎲 Микро-свап USDC->EURC на 187753
[2026-05-13 22:04:56] 📤 Микро-перевод USDC на 70910
[2026-05-13 22:05:05] ✅ Уникальное действие выполнено
[2026-05-13 22:05:28] 🔄 Обратный микро-свап EURC->USDC на 123785
[2026-05-13 22:05:59] 🔄 Обратный микро-свап EURC->USDC на 148394
[2026-05-13 22:06:30] 🎲 Микро-свап USDC->EURC на 91745
[2026-05-13 22:07:01] 🎲 Микро-свап USDC->EURC на 90348
[2026-05-13 22:07:33] 🎲 Микро-свап USDC->EURC на 173287
[2026-05-13 22:08:05] 📤 Микро-перевод USDC на 86477
[2026-05-13 22:08:08] ✅ Уникальное действие выполнено
[2026-05-13 22:08:37] 🎲 Микро-свап USDC->EURC на 143917
[2026-05-13 22:09:08] 🔄 Обратный микро-свап EURC->USDC на 181949
[2026-05-13 22:09:39] 📤 Микро-перевод USDC на 45616
[2026-05-13 22:10:01] [EURC/USDC 0.3%] 🔥 Новый пик: 0.821248 (+0.000000)
[2026-05-13 22:10:11] 🔄 Обратный микро-свап EURC->USDC на 106725
[2026-05-13 22:10:42] 📤 Микро-перевод USDC на 35507
[2026-05-13 22:10:56] [EURC/USDC 0.3%] 📤 Сигнал продажи! Цена: 0.819791, Пик: 0.821248
[2026-05-13 22:10:57] [EURC/USDC 0.3%] 💰 Прибыль: -0.0008 USDC, Всего: -0.0008
[2026-05-13 22:10:58] [EURC/USDC 0.3%] ✅ TX подтверждена: 0x8643092c32311c16851cd3071c38109eb4d992b4069eaad9594a04b1a689ac89
[2026-05-13 22:10:58] [EURC/USDC 0.3%] 📥 Сигнал покупки по 0.819791
[2026-05-13 22:10:59] [EURC/USDC 0.3%] ⏳ Ожидание подтверждения покупки: 0xf117c8e34e04f8ca16d8159d4a3bed6fde0ec8c594280cf2a7edc8f444a09281
[2026-05-13 22:11:00] [EURC/USDC 0.3%] ✅ TX подтверждена: 0xf117c8e34e04f8ca16d8159d4a3bed6fde0ec8c594280cf2a7edc8f444a09281
[2026-05-13 22:11:00] [EURC/USDC 0.3%] Баланс EURC: 1141.056634
[2026-05-13 22:11:10] ✅ Уникальное действие выполнено
[2026-05-13 22:11:14] 🎲 Микро-свап USDC->EURC на 177438
[2026-05-13 22:11:45] 🎲 Микро-свап USDC->EURC на 138544
[2026-05-13 22:12:17] 📤 Микро-перевод USDC на 54512
[2026-05-13 22:12:49] 🔄 Обратный микро-свап EURC->USDC на 168678
[2026-05-13 22:13:17] [EURC/USDC 0.3%] 🚀 Трейлинг активирован! Пик: 0.822047
[2026-05-13 22:13:20] 📤 Микро-перевод USDC на 39944
[2026-05-13 22:13:51] 🎲 Микро-свап USDC->EURC на 185958
[2026-05-13 22:14:12] ✅ Уникальное действие выполнено
[2026-05-13 22:14:24] 📤 Микро-перевод USDC на 62888
[2026-05-13 22:14:55] 📤 Микро-перевод USDC на 30114
[2026-05-13 22:15:27] 🔄 Обратный микро-свап EURC->USDC на 136704
[2026-05-13 22:15:58] 🔄 Обратный микро-свап EURC->USDC на 67996
[2026-05-13 22:16:29] 🎲 Микро-свап USDC->EURC на 183878
[2026-05-13 22:17:01] 📤 Микро-перевод USDC на 98157
[2026-05-13 22:17:16] ✅ Уникальное действие выполнено
[2026-05-13 22:17:33] 📤 Микро-перевод USDC на 49228
[2026-05-13 22:18:04] 📤 Микро-перевод USDC на 40910
[2026-05-13 22:18:36] 🎲 Микро-свап USDC->EURC на 119183
[2026-05-13 22:19:07] 📤 Микро-перевод USDC на 32880
[2026-05-13 22:19:38] 📤 Микро-перевод USDC на 85170
[2026-05-13 22:20:10] 🎲 Микро-свап USDC->EURC на 130894
[2026-05-13 22:20:20] ✅ Уникальное действие выполнено
[2026-05-13 22:20:54] [EURC/USDC 0.3%] 🔥 Новый пик: 0.822056 (+0.000008)
[2026-05-13 22:21:11] 📤 Микро-перевод USDC на 76834
[2026-05-13 22:21:42] 📤 Микро-перевод USDC на 72259
[2026-05-13 22:22:14] 🎲 Микро-свап USDC->EURC на 130614
[2026-05-13 22:22:45] 🎲 Микро-свап USDC->EURC на 190185
[2026-05-13 22:23:16] 🎲 Микро-свап USDC->EURC на 152998
[2026-05-13 22:23:23] ✅ Уникальное действие выполнено
[2026-05-13 22:23:49] 🎲 Микро-свап USDC->EURC на 90901
[2026-05-13 22:24:20] 🎲 Микро-свап USDC->EURC на 123405
[2026-05-13 22:24:52] 📤 Микро-перевод USDC на 82085
[2026-05-13 22:25:23] 🔄 Обратный микро-свап EURC->USDC на 71048
[2026-05-13 22:25:54] 🔄 Обратный микро-свап EURC->USDC на 85705
[2026-05-13 22:26:25] ✅ Уникальное действие выполнено
[2026-05-13 22:26:57] 📤 Микро-перевод USDC на 97169
[2026-05-13 22:27:30] 🎲 Микро-свап USDC->EURC на 104040
[2026-05-13 22:28:02] 📤 Микро-перевод USDC на 83140
[2026-05-13 22:28:33] 📤 Микро-перевод USDC на 63254
[2026-05-13 22:29:06] 🔄 Обратный микро-свап EURC->USDC на 120977
[2026-05-13 22:29:29] ✅ Уникальное действие выполнено
[2026-05-13 22:29:37] 📤 Микро-перевод USDC на 34714
[2026-05-13 22:30:09] 🔄 Обратный микро-свап EURC->USDC на 111660
[2026-05-13 22:31:11] 📤 Микро-перевод USDC на 81409
[2026-05-13 22:31:42] 🎲 Микро-свап USDC->EURC на 52068
[2026-05-13 22:32:32] ✅ Уникальное действие выполнено
[2026-05-13 22:32:43] 📤 Микро-перевод USDC на 47771
[2026-05-13 22:33:46] 🎲 Микро-свап USDC->EURC на 147010
[2026-05-13 22:34:48] 🎲 Микро-свап USDC->EURC на 118519
[2026-05-13 22:35:21] 📤 Микро-перевод USDC на 65396
[2026-05-13 22:35:38] ✅ Уникальное действие выполнено
[2026-05-13 22:36:06] [EURC/USDC 0.3%] 📤 Сигнал продажи! Цена: 0.820933, Пик: 0.822056
[2026-05-13 22:36:07] [EURC/USDC 0.3%] 💰 Прибыль: +0.0014 USDC, Всего: +0.0006
[2026-05-13 22:36:08] [EURC/USDC 0.3%] ✅ TX подтверждена: 0x35d8b9ee4680c33ab37a700f1c9079a9f14498169711e3182d7c64cd95d52c01
[2026-05-13 22:36:08] [EURC/USDC 0.3%] 📥 Сигнал покупки по 0.820933
[2026-05-13 22:36:09] [EURC/USDC 0.3%] ⏳ Ожидание подтверждения покупки: 0x2511b2ec4f10c48d17735b572f441d6f16bdc2c0050549a5b54864923a288dae
[2026-05-13 22:36:10] [EURC/USDC 0.3%] ✅ TX подтверждена: 0x2511b2ec4f10c48d17735b572f441d6f16bdc2c0050549a5b54864923a288dae
[2026-05-13 22:36:10] [EURC/USDC 0.3%] Баланс EURC: 1141.056634
[2026-05-13 22:36:23] 🎲 Микро-свап USDC->EURC на 54013
[2026-05-13 22:36:29] [EURC/USDC 0.3%] 🚀 Трейлинг активирован! Пик: 0.822052
[2026-05-13 22:36:55] 🔄 Обратный микро-свап EURC->USDC на 103231
[2026-05-13 22:37:26] 🎲 Микро-свап USDC->EURC на 70307
[2026-05-13 22:37:57] [EURC/USDC 0.3%] 🔥 Новый пик: 0.822722 (+0.000670)
[2026-05-13 22:37:58] 🎲 Микро-свап USDC->EURC на 151233
[2026-05-13 22:38:30] 🔄 Обратный микро-свап EURC->USDC на 134185
[2026-05-13 22:38:40] ✅ Уникальное действие выполнено
[2026-05-13 22:39:03] 🎲 Микро-свап USDC->EURC на 81695
[2026-05-13 22:40:04] 🎲 Микро-свап USDC->EURC на 101971
[2026-05-13 22:40:35] 🎲 Микро-свап USDC->EURC на 84899
[2026-05-13 22:41:36] 🎲 Микро-свап USDC->EURC на 90219
[2026-05-13 22:41:44] ✅ Уникальное действие выполнено
[2026-05-13 22:42:08] 🎲 Микро-свап USDC->EURC на 196570
[2026-05-13 22:42:39] 🔄 Обратный микро-свап EURC->USDC на 53285
[2026-05-13 22:43:10] 🔄 Обратный микро-свап EURC->USDC на 60617
[2026-05-13 22:44:11] 🔄 Обратный микро-свап EURC->USDC на 57981
[2026-05-13 22:44:42] 📤 Микро-перевод USDC на 38598
[2026-05-13 22:44:46] ✅ Уникальное действие выполнено
[2026-05-13 22:45:14] 📤 Микро-перевод USDC на 88339
[2026-05-13 22:45:46] 🔄 Обратный микро-свап EURC->USDC на 189502
[2026-05-13 22:46:17] 🔄 Обратный микро-свап EURC->USDC на 194579
[2026-05-13 22:46:48] 🎲 Микро-свап USDC->EURC на 57852
[2026-05-13 22:47:49] ✅ Уникальное действие выполнено
[2026-05-13 22:48:20] 🎲 Микро-свап USDC->EURC на 54313
[2026-05-13 22:48:51] 🎲 Микро-свап USDC->EURC на 56688
[2026-05-13 22:49:23] 🔄 Обратный микро-свап EURC->USDC на 184170
[2026-05-13 22:49:54] 🔄 Обратный микро-свап EURC->USDC на 68046
[2026-05-13 22:50:25] 📤 Микро-перевод USDC на 72146
[2026-05-13 22:50:54] ✅ Уникальное действие выполнено
[2026-05-13 22:50:56] 📤 Микро-перевод USDC на 41555
[2026-05-13 22:51:27] 🔄 Обратный микро-свап EURC->USDC на 135471
[2026-05-13 22:51:58] 🎲 Микро-свап USDC->EURC на 189372
[2026-05-13 22:52:29] 📤 Микро-перевод USDC на 30350
[2026-05-13 22:53:00] 🔄 Обратный микро-свап EURC->USDC на 133933
[2026-05-13 22:53:31] 🔄 Обратный микро-свап EURC->USDC на 142823
[2026-05-13 22:53:58] ✅ Уникальное действие выполнено
[2026-05-13 22:54:02] 🎲 Микро-свап USDC->EURC на 170545
[2026-05-13 22:54:33] 🎲 Микро-свап USDC->EURC на 154095
[2026-05-13 22:55:36] 🎲 Микро-свап USDC->EURC на 86189
[2026-05-13 22:56:07] 📤 Микро-перевод USDC на 56765
[2026-05-13 22:56:39] 🎲 Микро-свап USDC->EURC на 78376
[2026-05-13 22:57:00] ✅ Уникальное действие выполнено
[2026-05-13 22:57:09] 🔄 Обратный микро-свап EURC->USDC на 167957
[2026-05-13 22:57:40] 🔄 Обратный микро-свап EURC->USDC на 150311
[2026-05-13 22:58:10] 🎲 Микро-свап USDC->EURC на 195158
[2026-05-13 22:58:42] 📤 Микро-перевод USDC на 58018
[2026-05-13 22:59:13] 🔄 Обратный микро-свап EURC->USDC на 149878
[2026-05-13 22:59:44] 📤 Микро-перевод USDC на 88505
[2026-05-13 23:00:03] ✅ Уникальное действие выполнено
[2026-05-13 23:00:16] 🔄 Обратный микро-свап EURC->USDC на 84862
[2026-05-13 23:00:23] [EURC/USDC 0.3%] 🔥 Новый пик: 0.822968 (+0.000246)
[2026-05-13 23:00:47] 🎲 Микро-свап USDC->EURC на 124737
[2026-05-13 23:01:18] 🎲 Микро-свап USDC->EURC на 71209
[2026-05-13 23:01:49] 📤 Микро-перевод USDC на 80013
[2026-05-13 23:02:21] 🎲 Микро-свап USDC->EURC на 132162
[2026-05-13 23:03:06] ✅ Уникальное действие выполнено
[2026-05-13 23:03:55] 🎲 Микро-свап USDC->EURC на 142737
[2026-05-13 23:04:26] 📤 Микро-перевод USDC на 51954
[2026-05-13 23:04:58] 🎲 Микро-свап USDC->EURC на 166795
[2026-05-13 23:05:29] 🎲 Микро-свап USDC->EURC на 158149
[2026-05-13 23:06:00] 🎲 Микро-свап USDC->EURC на 154328
[2026-05-13 23:06:12] ✅ Уникальное действие выполнено
[2026-05-13 23:06:31] 📤 Микро-перевод USDC на 41628
[2026-05-13 23:07:03] 🎲 Микро-свап USDC->EURC на 129630
[2026-05-13 23:07:34] 🔄 Обратный микро-свап EURC->USDC на 71586
[2026-05-13 23:08:36] 📤 Микро-перевод USDC на 51705
[2026-05-13 23:09:09] 📤 Микро-перевод USDC на 38912
[2026-05-13 23:09:15] ✅ Уникальное действие выполнено
[2026-05-13 23:09:40] 🔄 Обратный микро-свап EURC->USDC на 104675
[2026-05-13 23:10:11] 🎲 Микро-свап USDC->EURC на 87485
[2026-05-13 23:11:12] 🔄 Обратный микро-свап EURC->USDC на 66618
[2026-05-13 23:11:43] 📤 Микро-перевод USDC на 93038
[2026-05-13 23:12:14] 📤 Микро-перевод USDC на 92588
[2026-05-13 23:12:17] ✅ Уникальное действие выполнено
[2026-05-13 23:12:46] 🔄 Обратный микро-свап EURC->USDC на 71296
[2026-05-13 23:13:17] 🎲 Микро-свап USDC->EURC на 117513
[2026-05-13 23:13:48] 🔄 Обратный микро-свап EURC->USDC на 118376
[2026-05-13 23:14:19] 📤 Микро-перевод USDC на 78340
[2026-05-13 23:14:51] 🎲 Микро-свап USDC->EURC на 61026
[2026-05-13 23:15:20] ✅ Уникальное действие выполнено
[2026-05-13 23:15:23] 🎲 Микро-свап USDC->EURC на 125643
[2026-05-13 23:15:54] 🎲 Микро-свап USDC->EURC на 188120
[2026-05-13 23:16:25] 🎲 Микро-свап USDC->EURC на 195213
[2026-05-13 23:16:56] 📤 Микро-перевод USDC на 38901
[2026-05-13 23:17:28] 🎲 Микро-свап USDC->EURC на 128916
[2026-05-13 23:18:24] ✅ Уникальное действие выполнено
[2026-05-13 23:18:30] 🎲 Микро-свап USDC->EURC на 158078
