[2026-05-12 22:49:57] 🔗 Подключение к RPC: https://rpc.testnet.arc.network
[2026-05-12 22:49:57] 🚀 Бот запущен (ультра-активный Builder, бридж ожидает allowlist)
[2026-05-12 22:49:57] [EURC/USDC 0.3%] 📥 Сигнал покупки по 0.832179
[2026-05-12 22:49:58] [EURC/USDC 0.3%] ⏳ Ожидание подтверждения покупки: 0x5e2650e254425a54a2dfe065ee2d8a3eb5a23e8c72575b41226929c483c97660
[2026-05-12 22:49:59] [EURC/USDC 0.3%] ✅ TX подтверждена: 0x5e2650e254425a54a2dfe065ee2d8a3eb5a23e8c72575b41226929c483c97660
[2026-05-12 22:49:59] [EURC/USDC 0.3%] Баланс EURC: 1356.864223
[2026-05-12 22:50:28] 🎲 Микро-свап USDC->EURC на 147569
[2026-05-12 22:51:00] 🎲 Микро-свап USDC->EURC на 155259
[2026-05-12 22:51:31] 📤 Микро-перевод USDC на 34848
[2026-05-12 22:52:02] 🎲 Микро-свап USDC->EURC на 64601
[2026-05-12 22:52:33] 🎲 Микро-свап USDC->EURC на 196397
[2026-05-12 22:53:04] 🎲 Микро-свап USDC->EURC на 142157
[2026-05-12 22:53:36] 🎲 Микро-свап USDC->EURC на 59431
[2026-05-12 22:54:08] 📤 Микро-перевод USDC на 71354
[2026-05-12 22:54:38] 🎲 Микро-свап USDC->EURC на 116553
[2026-05-12 22:55:09] 📤 Микро-перевод USDC на 91207
[2026-05-12 22:55:40] 📤 Микро-перевод USDC на 94334
[2026-05-12 22:56:10] 🎲 Микро-свап USDC->EURC на 175378
[2026-05-12 22:56:42] 📤 Микро-перевод USDC на 41539
[2026-05-12 22:57:13] 🎲 Микро-свап USDC->EURC на 61094
[2026-05-12 22:57:44] 📤 Микро-перевод USDC на 73392
[2026-05-12 22:58:15] 🎲 Микро-свап USDC->EURC на 95085
[2026-05-12 22:58:46] 🎲 Микро-свап USDC->EURC на 173561
[2026-05-12 22:59:17] 🎲 Микро-свап USDC->EURC на 184045
[2026-05-12 22:59:48] 🎲 Микро-свап USDC->EURC на 161483
[2026-05-12 23:00:01] ✅ Уникальное действие выполнено
[2026-05-12 23:00:19] 🎲 Микро-свап USDC->EURC на 157812
[2026-05-12 23:00:51] 🎲 Микро-свап USDC->EURC на 163402
[2026-05-12 23:01:22] 🎲 Микро-свап USDC->EURC на 100755
[2026-05-12 23:01:54] 🎲 Микро-свап USDC->EURC на 129387
[2026-05-12 23:02:25] 🎲 Микро-свап USDC->EURC на 159364
[2026-05-13 14:39:09] 🔗 Подключение к RPC: https://rpc.testnet.arc.network
[2026-05-13 14:39:09] 🚀 Бот запущен с добавлением ликвидности
[2026-05-13 14:39:10] [EURC/USDC 0.3%] 📥 Сигнал покупки по 0.824216
[2026-05-13 14:39:10] [EURC/USDC 0.3%] ⏳ Ожидание подтверждения покупки: 0x7bd67ff430a5d1674efafb0db2fa0b61774ae5beacda7663d93483ae3381fd5b
[2026-05-13 14:39:11] [EURC/USDC 0.3%] ✅ TX подтверждена: 0x7bd67ff430a5d1674efafb0db2fa0b61774ae5beacda7663d93483ae3381fd5b
[2026-05-13 14:39:12] [EURC/USDC 0.3%] Баланс EURC: 1356.864223
[2026-05-13 14:39:33] [EURC/USDC 0.3%] 🚀 Трейлинг активирован! Пик: 0.824949
[2026-05-13 14:39:40] 📤 Микро-перевод USDC на 61411
[2026-05-13 14:40:41] 🎲 Микро-свап USDC->EURC на 184750
[2026-05-13 14:42:12] 🎲 Микро-свап USDC->EURC на 104838
[2026-05-13 14:42:44] 🎲 Микро-свап USDC->EURC на 137967
[2026-05-13 14:43:15] 🎲 Микро-свап USDC->EURC на 116162
[2026-05-13 14:43:46] 🎲 Микро-свап USDC->EURC на 191945
[2026-05-13 14:44:17] 🎲 Микро-свап USDC->EURC на 59426
[2026-05-13 14:44:48] 📤 Микро-перевод USDC на 77294
[2026-05-13 14:44:50] [EURC/USDC 0.3%] 🔥 Новый пик: 0.825717 (+0.000768)
[2026-05-13 14:45:19] 📤 Микро-перевод USDC на 40007
[2026-05-13 14:45:21] [EURC/USDC 0.3%] 🔥 Новый пик: 0.825717 (+0.000000)
[2026-05-13 14:45:50] 🎲 Микро-свап USDC->EURC на 55055
[2026-05-13 14:45:52] [EURC/USDC 0.3%] 📤 Сигнал продажи! Цена: 0.824948, Пик: 0.825717
[2026-05-13 14:45:53] [EURC/USDC 0.3%] 💰 Прибыль: +0.0009 USDC, Всего: +0.0009
[2026-05-13 14:45:54] [EURC/USDC 0.3%] ✅ TX подтверждена: 0xf0dc7af4086bc7718b78d78131304c8a33065b7ae68349f1d3863f6ab909d1e8
[2026-05-13 14:45:55] [EURC/USDC 0.3%] 📥 Сигнал покупки по 0.824948
[2026-05-13 14:45:55] [EURC/USDC 0.3%] ⏳ Ожидание подтверждения покупки: 0x023cd343a5eec2acdfa69d8b99c1d104f5a33c41b6248f480ea89c1be5d029ed
[2026-05-13 14:45:56] [EURC/USDC 0.3%] ✅ TX подтверждена: 0x023cd343a5eec2acdfa69d8b99c1d104f5a33c41b6248f480ea89c1be5d029ed
[2026-05-13 14:45:57] [EURC/USDC 0.3%] Баланс EURC: 1356.864223
[2026-05-13 14:46:21] 🎲 Микро-свап USDC->EURC на 67201
[2026-05-13 14:46:53] 📤 Микро-перевод USDC на 34576
[2026-05-13 14:47:24] 🎲 Микро-свап USDC->EURC на 156654
[2026-05-13 14:47:55] 📤 Микро-перевод USDC на 76684
[2026-05-13 14:48:26] 🎲 Микро-свап USDC->EURC на 76944
[2026-05-13 14:48:55] [EURC/USDC 0.3%] 🚀 Трейлинг активирован! Пик: 0.825703
[2026-05-13 14:48:57] 🎲 Микро-свап USDC->EURC на 144734
[2026-05-13 15:05:04] 🔗 Подключение к RPC: https://rpc.testnet.arc.network
[2026-05-13 15:05:05] 🚀 Бот запущен с добавлением ликвидности
[2026-05-13 15:05:05] [EURC/USDC 0.3%] 📥 Сигнал покупки по 0.825497
[2026-05-13 15:05:06] [EURC/USDC 0.3%] ⏳ Ожидание подтверждения покупки: 0xb3fc38fa9b6e939f5d4b1cf76d74f36ecd705c166ae981ae85c2f5e56a9305e3
[2026-05-13 15:05:07] [EURC/USDC 0.3%] ✅ TX подтверждена: 0xb3fc38fa9b6e939f5d4b1cf76d74f36ecd705c166ae981ae85c2f5e56a9305e3
[2026-05-13 15:05:07] [EURC/USDC 0.3%] Баланс EURC: 1356.864223
[2026-05-13 15:05:35] 🎲 Микро-свап USDC->EURC на 83530
[2026-05-13 15:06:07] 🎲 Микро-свап USDC->EURC на 90018
[2026-05-13 15:06:38] 🎲 Микро-свап USDC->EURC на 88717
[2026-05-13 15:07:09] 📤 Микро-перевод USDC на 65752
[2026-05-13 15:08:11] 🎲 Микро-свап USDC->EURC на 143604
[2026-05-13 15:08:42] 📤 Микро-перевод USDC на 52730
[2026-05-13 15:09:14] 🎲 Микро-свап USDC->EURC на 107820
[2026-05-13 15:09:45] 🎲 Микро-свап USDC->EURC на 135528
[2026-05-13 15:10:16] 🎲 Микро-свап USDC->EURC на 182916
[2026-05-13 15:10:48] 🎲 Микро-свап USDC->EURC на 52670
[2026-05-13 15:11:19] 🎲 Микро-свап USDC->EURC на 88447
[2026-05-13 15:11:50] 🎲 Микро-свап USDC->EURC на 107675
[2026-05-13 15:12:52] 📤 Микро-перевод USDC на 69687
[2026-05-13 15:13:23] 🎲 Микро-свап USDC->EURC на 62309
[2026-05-13 15:13:55] 🎲 Микро-свап USDC->EURC на 144629
[2026-05-13 15:14:26] 📤 Микро-перевод USDC на 60601
[2026-05-13 15:15:11] ✅ Уникальное действие выполнено
[2026-05-13 15:15:28] 📤 Микро-перевод USDC на 65534
[2026-05-13 15:16:00] 📤 Микро-перевод USDC на 78952
[2026-05-13 15:16:31] 🎲 Микро-свап USDC->EURC на 85624
[2026-05-13 15:17:03] 📤 Микро-перевод USDC на 79616
[2026-05-13 15:17:34] 🎲 Микро-свап USDC->EURC на 83574
[2026-05-13 15:18:05] 🎲 Микро-свап USDC->EURC на 159728
[2026-05-13 15:18:36] 📤 Микро-перевод USDC на 80196
[2026-05-13 15:19:07] 📤 Микро-перевод USDC на 53372
[2026-05-13 15:19:39] 📤 Микро-перевод USDC на 70051
[2026-05-13 15:20:10] 🎲 Микро-свап USDC->EURC на 158344
[2026-05-13 15:21:12] 🎲 Микро-свап USDC->EURC на 168557
[2026-05-13 15:21:43] 📤 Микро-перевод USDC на 84534
[2026-05-13 15:22:15] 🎲 Микро-свап USDC->EURC на 189886
[2026-05-13 15:22:46] 📤 Микро-перевод USDC на 87701
[2026-05-13 15:23:17] 🎲 Микро-свап USDC->EURC на 105644
[2026-05-13 15:23:49] 📤 Микро-перевод USDC на 44024
[2026-05-13 15:32:25] 🔗 Подключение к RPC: https://rpc.testnet.arc.network
[2026-05-13 15:32:26] 🚀 Бот запущен (LI.FI бридж, Paymaster, ликвидность)
[2026-05-13 15:32:26] [EURC/USDC 0.3%] 📥 Сигнал покупки по 0.825266
[2026-05-13 15:32:27] [EURC/USDC 0.3%] ⏳ Ожидание подтверждения покупки: 0xf3268942479d90773a236a38242d235100769a514bdbec0bc5bf1e206c85e1cd
[2026-05-13 15:32:28] [EURC/USDC 0.3%] ✅ TX подтверждена: 0xf3268942479d90773a236a38242d235100769a514bdbec0bc5bf1e206c85e1cd
[2026-05-13 15:32:28] [EURC/USDC 0.3%] Баланс EURC: 1356.864223
[2026-05-13 15:32:56] 🎲 Микро-свап USDC->EURC на 96886
[2026-05-13 15:33:27] 🎲 Микро-свап USDC->EURC на 61382
[2026-05-13 15:33:58] 🎲 Микро-свап USDC->EURC на 78153
[2026-05-13 15:34:30] 📤 Микро-перевод USDC на 83145
[2026-05-13 15:35:01] 🎲 Микро-свап USDC->EURC на 152652
[2026-05-13 15:36:03] 📤 Микро-перевод USDC на 72080
[2026-05-13 15:36:34] 🎲 Микро-свап USDC->EURC на 185373
[2026-05-13 15:37:06] 📤 Микро-перевод USDC на 53278
[2026-05-13 15:37:37] 📤 Микро-перевод USDC на 45076
[2026-05-13 15:38:09] 🎲 Микро-свап USDC->EURC на 110339
[2026-05-13 15:38:40] 🎲 Микро-свап USDC->EURC на 155203
[2026-05-13 15:39:11] 📤 Микро-перевод USDC на 68112
[2026-05-13 15:39:42] 🎲 Микро-свап USDC->EURC на 104679
[2026-05-13 15:40:14] 📤 Микро-перевод USDC на 85099
[2026-05-13 15:40:45] 🎲 Микро-свап USDC->EURC на 188235
[2026-05-13 15:41:17] 🎲 Микро-свап USDC->EURC на 188785
[2026-05-13 15:41:48] 🎲 Микро-свап USDC->EURC на 63816
[2026-05-13 15:42:19] 🎲 Микро-свап USDC->EURC на 103395
[2026-05-13 15:42:31] ✅ Уникальное действие выполнено
[2026-05-13 15:42:50] 📤 Микро-перевод USDC на 78015
[2026-05-13 15:43:22] 🎲 Микро-свап USDC->EURC на 190395
[2026-05-13 15:43:53] 🎲 Микро-свап USDC->EURC на 168246
[2026-05-13 15:44:24] 📤 Микро-перевод USDC на 31563
[2026-05-13 15:44:56] 🎲 Микро-свап USDC->EURC на 191845
[2026-05-13 15:45:27] 🎲 Микро-свап USDC->EURC на 122397
[2026-05-13 15:45:33] [EURC/USDC 0.3%] 🚀 Трейлинг активирован! Пик: 0.827538
[2026-05-13 15:45:51] [EURC/USDC 0.3%] 🔥 Новый пик: 0.828709 (+0.001171)
[2026-05-13 15:46:12] [EURC/USDC 0.3%] 🔥 Новый пик: 0.828984 (+0.000275)
[2026-05-13 15:46:30] 📤 Микро-перевод USDC на 85831
[2026-05-13 15:46:41] [EURC/USDC 0.3%] 📤 Сигнал продажи! Цена: 0.822275, Пик: 0.828984
[2026-05-13 15:46:42] [EURC/USDC 0.3%] 💰 Прибыль: -0.0036 USDC, Всего: -0.0036
[2026-05-13 15:46:43] [EURC/USDC 0.3%] ✅ TX подтверждена: 0x4330be380ea964fea7c6d90ccbb749bbb617b362ffa5ac11f8fa3b1922feea8a
[2026-05-13 15:46:43] [EURC/USDC 0.3%] 📥 Сигнал покупки по 0.822275
[2026-05-13 15:46:44] [EURC/USDC 0.3%] ⏳ Ожидание подтверждения покупки: 0xf5cd513571eebc3e220a9d97f6b8db0adb70d13aec61607ae5e6758cec0d69c4
[2026-05-13 15:46:45] [EURC/USDC 0.3%] ✅ TX подтверждена: 0xf5cd513571eebc3e220a9d97f6b8db0adb70d13aec61607ae5e6758cec0d69c4
[2026-05-13 15:46:45] [EURC/USDC 0.3%] Баланс EURC: 1356.864223
[2026-05-13 15:47:01] 📤 Микро-перевод USDC на 82440
[2026-05-13 15:47:42] 🔗 Подключение к RPC: https://rpc.testnet.arc.network
[2026-05-13 15:47:42] 🚀 Бот запущен (LI.FI бридж, Paymaster, обратные свапы)
[2026-05-13 15:47:42] [EURC/USDC 0.3%] 📥 Сигнал покупки по 0.822275
[2026-05-13 15:47:43] [EURC/USDC 0.3%] ⏳ Ожидание подтверждения покупки: 0x33027ba9ec6d6bb1a8dfa42d7cb691c95ea8ec7da16a8fbe777d5d951f1afa47
[2026-05-13 15:47:44] [EURC/USDC 0.3%] ✅ TX подтверждена: 0x33027ba9ec6d6bb1a8dfa42d7cb691c95ea8ec7da16a8fbe777d5d951f1afa47
[2026-05-13 15:47:44] [EURC/USDC 0.3%] Баланс EURC: 1356.864223
[2026-05-13 15:48:12] 🎲 Микро-свап USDC->EURC на 74185
[2026-05-13 15:48:43] [EURC/USDC 0.3%] 🚀 Трейлинг активирован! Пик: 0.822631
[2026-05-13 15:48:44] 📤 Микро-перевод USDC на 55091
[2026-05-13 15:49:15] 🎲 Микро-свап USDC->EURC на 123466
[2026-05-13 15:49:46] 🎲 Микро-свап USDC->EURC на 159839
[2026-05-13 15:50:17] 🎲 Микро-свап USDC->EURC на 141368
[2026-05-13 15:50:24] [EURC/USDC 0.3%] 🔥 Новый пик: 0.823178 (+0.000547)
[2026-05-13 15:50:48] 📤 Микро-перевод USDC на 69984
[2026-05-13 15:51:20] 🔄 Обратный микро-свап EURC->USDC на 71212
[2026-05-13 15:51:51] 🎲 Микро-свап USDC->EURC на 122228
[2026-05-13 15:52:22] 🎲 Микро-свап USDC->EURC на 152211
[2026-05-13 15:52:59] [EURC/USDC 0.3%] 🔥 Новый пик: 0.823184 (+0.000005)
[2026-05-13 15:53:05] [EURC/USDC 0.3%] 📤 Сигнал продажи! Цена: 0.819958, Пик: 0.823184
[2026-05-13 15:53:06] [EURC/USDC 0.3%] 💰 Прибыль: -0.0028 USDC, Всего: -0.0028
[2026-05-13 15:53:07] [EURC/USDC 0.3%] ✅ TX подтверждена: 0x4f9d01037027f6ada55b37971778cab578af0466d332925cab8e16c98d077d76
[2026-05-13 15:53:07] [EURC/USDC 0.3%] 📥 Сигнал покупки по 0.819958
[2026-05-13 15:53:08] [EURC/USDC 0.3%] ⏳ Ожидание подтверждения покупки: 0xe62395d97c324c7db5e69de564bfb8738767260943d1de018acd705f043fcea4
[2026-05-13 15:53:09] [EURC/USDC 0.3%] ✅ TX подтверждена: 0xe62395d97c324c7db5e69de564bfb8738767260943d1de018acd705f043fcea4
[2026-05-13 15:53:09] [EURC/USDC 0.3%] Баланс EURC: 1356.864223
[2026-05-13 15:53:23] 📤 Микро-перевод USDC на 62107
[2026-05-13 15:53:54] 🎲 Микро-свап USDC->EURC на 74520
[2026-05-13 15:54:56] 🎲 Микро-свап USDC->EURC на 79742
[2026-05-13 15:55:28] 📤 Микро-перевод USDC на 34557
[2026-05-13 15:55:59] 📤 Микро-перевод USDC на 77827
[2026-05-13 15:56:30] 🎲 Микро-свап USDC->EURC на 171670
[2026-05-13 15:57:01] 📤 Микро-перевод USDC на 69880
[2026-05-13 15:57:48] ✅ Уникальное действие выполнено
[2026-05-13 15:58:04] 🎲 Микро-свап USDC->EURC на 83450
[2026-05-13 15:58:35] 🎲 Микро-свап USDC->EURC на 94756
[2026-05-13 15:59:06] 🔄 Обратный микро-свап EURC->USDC на 112995
[2026-05-13 15:59:37] 🎲 Микро-свап USDC->EURC на 174903
[2026-05-13 16:00:08] 🔄 Обратный микро-свап EURC->USDC на 156020
[2026-05-13 16:00:39] 🎲 Микро-свап USDC->EURC на 156772
[2026-05-13 16:01:11] 🎲 Микро-свап USDC->EURC на 103445
[2026-05-13 16:01:42] 📤 Микро-перевод USDC на 90057
[2026-05-13 16:02:13] 📤 Микро-перевод USDC на 40921
[2026-05-13 16:03:14] 🎲 Микро-свап USDC->EURC на 170349
[2026-05-13 16:03:45] 🎲 Микро-свап USDC->EURC на 175555
[2026-05-13 16:04:16] 📤 Микро-перевод USDC на 86144
[2026-05-13 16:04:48] 🎲 Микро-свап USDC->EURC на 108533
[2026-05-13 16:05:19] 🎲 Микро-свап USDC->EURC на 190135
[2026-05-13 16:06:21] 🔄 Обратный микро-свап EURC->USDC на 112953
[2026-05-13 16:06:52] 🎲 Микро-свап USDC->EURC на 93821
[2026-05-13 16:07:24] 📤 Микро-перевод USDC на 63711
[2026-05-13 16:07:58] ✅ Уникальное действие выполнено
[2026-05-13 16:08:08] 🎲 Микро-свап USDC->EURC на 170782
[2026-05-13 16:08:40] 🎲 Микро-свап USDC->EURC на 184742
[2026-05-13 16:09:11] 🎲 Микро-свап USDC->EURC на 117750
[2026-05-13 16:10:13] 📤 Микро-перевод USDC на 57215
[2026-05-13 16:10:45] 🎲 Микро-свап USDC->EURC на 142664
[2026-05-13 16:11:16] 📤 Микро-перевод USDC на 50650
[2026-05-13 16:11:47] 🔄 Обратный микро-свап EURC->USDC на 54622
[2026-05-13 16:12:18] 🎲 Микро-свап USDC->EURC на 91533
[2026-05-13 16:12:49] 🔄 Обратный микро-свап EURC->USDC на 153755
[2026-05-13 16:13:20] 🔄 Обратный микро-свап EURC->USDC на 181039
[2026-05-13 16:14:13] 🔗 Подключение к RPC: https://rpc.testnet.arc.network
[2026-05-13 16:14:13] 🚀 Бот запущен (LI.FI бридж, Paymaster, обратные свапы)
[2026-05-13 16:14:13] [EURC/USDC 0.3%] 📥 Сигнал покупки по 0.820239
[2026-05-13 16:14:15] [EURC/USDC 0.3%] ⏳ Ожидание подтверждения покупки: 0x228947596ce84aa13c7c9b0be21238a22b0936289a02fb9e48ada1e95333e775
[2026-05-13 16:14:17] [EURC/USDC 0.3%] ✅ TX подтверждена: 0x228947596ce84aa13c7c9b0be21238a22b0936289a02fb9e48ada1e95333e775
[2026-05-13 16:14:17] [EURC/USDC 0.3%] Баланс EURC: 1141.056634
[2026-05-13 16:14:44] 🎲 Микро-свап USDC->EURC на 181947
[2026-05-13 16:15:15] 📤 Микро-перевод USDC на 93101
[2026-05-13 16:15:46] 🎲 Микро-свап USDC->EURC на 120807
[2026-05-13 16:16:17] 🎲 Микро-свап USDC->EURC на 79209
[2026-05-13 16:17:19] 🎲 Микро-свап USDC->EURC на 116046
[2026-05-13 16:17:50] 📤 Микро-перевод USDC на 81308
[2026-05-13 16:18:22] 🔄 Обратный микро-свап EURC->USDC на 183930
[2026-05-13 16:19:54] 🔄 Обратный микро-свап EURC->USDC на 140716
[2026-05-13 16:20:25] 🎲 Микро-свап USDC->EURC на 189723
[2026-05-13 16:20:57] 🎲 Микро-свап USDC->EURC на 64146
[2026-05-13 16:21:28] 🎲 Микро-свап USDC->EURC на 118698
[2026-05-13 16:22:00] 🎲 Микро-свап USDC->EURC на 117394
[2026-05-13 16:22:31] 📤 Микро-перевод USDC на 83932
[2026-05-13 16:23:02] 🎲 Микро-свап USDC->EURC на 110110
[2026-05-13 16:23:33] 🎲 Микро-свап USDC->EURC на 180319
[2026-05-13 16:24:19] ✅ Уникальное действие выполнено
[2026-05-13 16:24:35] 🎲 Микро-свап USDC->EURC на 162202
[2026-05-13 16:25:07] 🔄 Обратный микро-свап EURC->USDC на 55058
[2026-05-13 16:25:38] 📤 Микро-перевод USDC на 80248
[2026-05-13 16:26:10] 📤 Микро-перевод USDC на 56124
[2026-05-13 16:47:20] 🔗 Подключение к RPC: https://rpc.testnet.arc.network
[2026-05-13 16:47:20] 🚀 Бот запущен (SimpleStorage, MEV-имитация, ликвидность)
[2026-05-13 16:47:20] [EURC/USDC 0.3%] 📥 Сигнал покупки по 0.822245
[2026-05-13 16:47:21] [EURC/USDC 0.3%] ⏳ Ожидание подтверждения покупки: 0x520822d0065a71f11291a7922ee4e5a2d3e85e28ac46832bfcf654bfb9e84b60
[2026-05-13 16:47:22] [EURC/USDC 0.3%] ✅ TX подтверждена: 0x520822d0065a71f11291a7922ee4e5a2d3e85e28ac46832bfcf654bfb9e84b60
[2026-05-13 16:47:22] [EURC/USDC 0.3%] Баланс EURC: 1141.056634
[2026-05-13 16:47:51] 🔄 Обратный микро-свап EURC->USDC на 126151
[2026-05-13 16:48:23] 🎲 Микро-свап USDC->EURC на 182356
[2026-05-13 16:48:54] 🎲 Микро-свап USDC->EURC на 57730
[2026-05-13 16:49:26] 🎲 Микро-свап USDC->EURC на 134592
[2026-05-13 16:49:58] 🔄 Обратный микро-свап EURC->USDC на 86863
[2026-05-13 16:50:29] 📤 Микро-перевод USDC на 50303
[2026-05-13 16:51:01] 🔄 Обратный микро-свап EURC->USDC на 160125
[2026-05-13 16:51:32] 📤 Микро-перевод USDC на 98977
[2026-05-13 16:52:34] 🔄 Обратный микро-свап EURC->USDC на 86065
[2026-05-13 16:53:06] 🎲 Микро-свап USDC->EURC на 97326
[2026-05-13 16:54:08] 🔄 Обратный микро-свап EURC->USDC на 149036
[2026-05-13 16:54:40] 🎲 Микро-свап USDC->EURC на 60357
[2026-05-13 16:56:13] 🎲 Микро-свап USDC->EURC на 138858
[2026-05-13 16:56:44] 🔄 Обратный микро-свап EURC->USDC на 50133
[2026-05-13 16:57:16] 🔄 Обратный микро-свап EURC->USDC на 128810
[2026-05-13 16:57:27] ✅ Уникальное действие выполнено
[2026-05-13 16:58:19] 🎲 Микро-свап USDC->EURC на 84891
[2026-05-13 16:58:51] 🔄 Обратный микро-свап EURC->USDC на 152774
[2026-05-13 16:59:22] 📤 Микро-перевод USDC на 53057
[2026-05-13 16:59:55] 📤 Микро-перевод USDC на 79784
[2026-05-13 17:00:26] 📤 Микро-перевод USDC на 55955
[2026-05-13 17:00:58] 🎲 Микро-свап USDC->EURC на 107918
[2026-05-13 17:01:29] 📤 Микро-перевод USDC на 91397
[2026-05-13 17:02:01] 🎲 Микро-свап USDC->EURC на 62404
[2026-05-13 17:02:33] 🎲 Микро-свап USDC->EURC на 143008
[2026-05-13 17:03:04] 🎲 Микро-свап USDC->EURC на 66051
[2026-05-13 17:03:36] 🎲 Микро-свап USDC->EURC на 149430
[2026-05-13 17:04:07] 🔄 Обратный микро-свап EURC->USDC на 110619
[2026-05-13 17:05:13] 🔗 Подключение к RPC: https://rpc.testnet.arc.network
[2026-05-13 17:05:13] 🚀 Бот запущен (ребаланс, сэндвич, симуляция)
[2026-05-13 17:05:13] [EURC/USDC 0.3%] 📥 Сигнал покупки по 0.822243
[2026-05-13 17:05:14] [EURC/USDC 0.3%] ⏳ Ожидание подтверждения покупки: 0x96ea8f82cca90207d0aaa8d0434b1728a81d8728c39ef6b8fc7789c1169db192
[2026-05-13 17:05:16] [EURC/USDC 0.3%] ✅ TX подтверждена: 0x96ea8f82cca90207d0aaa8d0434b1728a81d8728c39ef6b8fc7789c1169db192
[2026-05-13 17:05:16] [EURC/USDC 0.3%] Баланс EURC: 1141.056634
[2026-05-13 17:05:43] 📤 Микро-перевод USDC на 32530
[2026-05-13 17:06:15] 📤 Микро-перевод USDC на 76124
[2026-05-13 17:06:47] 📤 Микро-перевод USDC на 77066
[2026-05-13 17:07:50] 🎲 Микро-свап USDC->EURC на 157010
[2026-05-13 17:08:21] 📤 Микро-перевод USDC на 78524
[2026-05-13 17:08:53] 🎲 Микро-свап USDC->EURC на 177450
[2026-05-13 17:09:24] 🎲 Микро-свап USDC->EURC на 107840
[2026-05-13 17:10:58] 🔄 Обратный микро-свап EURC->USDC на 113899
[2026-05-13 17:11:29] 🎲 Микро-свап USDC->EURC на 85525
[2026-05-13 17:12:12] [EURC/USDC 0.3%] 🚀 Трейлинг активирован! Пик: 0.824405
[2026-05-13 17:12:32] 🎲 Микро-свап USDC->EURC на 51629
[2026-05-13 17:12:36] [EURC/USDC 0.3%] 📤 Сигнал продажи! Цена: 0.822734, Пик: 0.824405
[2026-05-13 17:12:38] [EURC/USDC 0.3%] 💰 Прибыль: +0.0006 USDC, Всего: +0.0006
[2026-05-13 17:12:39] [EURC/USDC 0.3%] ✅ TX подтверждена: 0x286f7a8be1fd8c553fd1a150cb40081d272bc1090d86cbe61a1c57fe42ef690c
[2026-05-13 17:12:39] [EURC/USDC 0.3%] 📥 Сигнал покупки по 0.822734
[2026-05-13 17:12:40] [EURC/USDC 0.3%] ⏳ Ожидание подтверждения покупки: 0xe0d4422efe3af8bd9b1217d7df23a283e847957a07a454743002c95a0ccf5c87
[2026-05-13 17:12:41] [EURC/USDC 0.3%] ✅ TX подтверждена: 0xe0d4422efe3af8bd9b1217d7df23a283e847957a07a454743002c95a0ccf5c87
[2026-05-13 17:12:41] [EURC/USDC 0.3%] Баланс EURC: 1141.056634
[2026-05-13 17:13:03] 🎲 Микро-свап USDC->EURC на 118996
[2026-05-13 17:13:35] 🎲 Микро-свап USDC->EURC на 100710
[2026-05-13 17:15:09] 🎲 Микро-свап USDC->EURC на 101918
[2026-05-13 17:15:21] ✅ Уникальное действие выполнено
[2026-05-13 17:15:40] 🎲 Микро-свап USDC->EURC на 89668
[2026-05-13 17:16:12] 🎲 Микро-свап USDC->EURC на 116180
[2026-05-13 17:16:44] 📤 Микро-перевод USDC на 79111
[2026-05-13 17:17:16] 🎲 Микро-свап USDC->EURC на 125311
[2026-05-13 17:17:47] 🎲 Микро-свап USDC->EURC на 173649
[2026-05-13 17:18:19] 🎲 Микро-свап USDC->EURC на 103797
[2026-05-13 17:18:52] 🔄 Обратный микро-свап EURC->USDC на 169208
[2026-05-13 17:19:23] 🎲 Микро-свап USDC->EURC на 94686
[2026-05-13 17:19:55] 📤 Микро-перевод USDC на 61624
[2026-05-13 17:20:27] 🔄 Обратный микро-свап EURC->USDC на 169644
[2026-05-13 17:20:59] 🎲 Микро-свап USDC->EURC на 106868
[2026-05-13 17:22:01] 📤 Микро-перевод USDC на 54410
[2026-05-13 17:22:34] 🎲 Микро-свап USDC->EURC на 112878
[2026-05-13 17:24:07] 🔄 Обратный микро-свап EURC->USDC на 191943
[2026-05-13 17:24:39] 🎲 Микро-свап USDC->EURC на 138187
[2026-05-13 17:25:11] 🔄 Обратный микро-свап EURC->USDC на 133159
[2026-05-13 17:25:23] ✅ Уникальное действие выполнено
[2026-05-13 17:25:42] 📤 Микро-перевод USDC на 83642
[2026-05-13 17:26:14] 📤 Микро-перевод USDC на 44963
[2026-05-13 17:26:46] 🔄 Обратный микро-свап EURC->USDC на 75361
[2026-05-13 17:27:18] 🎲 Микро-свап USDC->EURC на 166830
[2026-05-13 17:27:49] 🎲 Микро-свап USDC->EURC на 175520
[2026-05-13 17:28:52] 📤 Микро-перевод USDC на 93761
[2026-05-13 17:29:23] 🔄 Обратный микро-свап EURC->USDC на 104294
[2026-05-13 17:29:55] 📤 Микро-перевод USDC на 54229
[2026-05-13 17:30:26] 🎲 Микро-свап USDC->EURC на 142490
[2026-05-13 17:30:58] 🎲 Микро-свап USDC->EURC на 197254
[2026-05-13 17:31:30] 📤 Микро-перевод USDC на 92014
[2026-05-13 17:32:01] 🎲 Микро-свап USDC->EURC на 68611
[2026-05-13 17:32:33] 🎲 Микро-свап USDC->EURC на 147621
[2026-05-13 17:33:05] 🔄 Обратный микро-свап EURC->USDC на 62290
[2026-05-13 17:33:37] 📤 Микро-перевод USDC на 96127
[2026-05-13 17:34:09] 🔄 Обратный микро-свап EURC->USDC на 178786
[2026-05-13 17:34:41] 🔄 Обратный микро-свап EURC->USDC на 121836
[2026-05-13 17:35:12] 📤 Микро-перевод USDC на 88243
[2026-05-13 17:35:26] ✅ Уникальное действие выполнено
[2026-05-13 17:35:44] 📤 Микро-перевод USDC на 51814
[2026-05-13 17:36:16] 📤 Микро-перевод USDC на 39174
[2026-05-13 17:36:48] 📤 Микро-перевод USDC на 33713
[2026-05-13 17:37:19] 🎲 Микро-свап USDC->EURC на 65375
[2026-05-13 17:37:51] 🔄 Обратный микро-свап EURC->USDC на 130162
[2026-05-13 17:38:23] 📤 Микро-перевод USDC на 76772
[2026-05-13 17:38:54] 🎲 Микро-свап USDC->EURC на 164783
[2026-05-13 17:39:26] 📤 Микро-перевод USDC на 40617
[2026-05-13 17:39:57] 🎲 Микро-свап USDC->EURC на 90828
[2026-05-13 17:40:29] 🔄 Обратный микро-свап EURC->USDC на 103988
[2026-05-13 17:41:01] 🎲 Микро-свап USDC->EURC на 72150
[2026-05-13 17:41:33] 🔄 Обратный микро-свап EURC->USDC на 114717
[2026-05-13 17:42:05] 📤 Микро-перевод USDC на 32212
[2026-05-13 17:42:38] 📤 Микро-перевод USDC на 93532
[2026-05-13 17:43:10] 🎲 Микро-свап USDC->EURC на 142679
[2026-05-13 17:43:42] 🎲 Микро-свап USDC->EURC на 138816
[2026-05-13 17:44:14] 🎲 Микро-свап USDC->EURC на 138387
[2026-05-13 17:44:46] 🎲 Микро-свап USDC->EURC на 64236
[2026-05-13 17:45:18] 📤 Микро-перевод USDC на 49357
[2026-05-13 17:45:28] ✅ Уникальное действие выполнено
[2026-05-13 17:45:49] 🎲 Микро-свап USDC->EURC на 190753
[2026-05-13 17:46:21] 📤 Микро-перевод USDC на 57332
[2026-05-13 17:46:53] 🔄 Обратный микро-свап EURC->USDC на 75332
[2026-05-13 17:47:24] 🎲 Микро-свап USDC->EURC на 180794
[2026-05-13 17:47:56] 🔄 Обратный микро-свап EURC->USDC на 170497
[2026-05-13 17:48:27] 🔄 Обратный микро-свап EURC->USDC на 153032
